
Running 2 tests using 2 workers

[1A[2K[1/2] [chromium] ÔÇ║ e2e\admin-rbac.spec.ts:8:9 ÔÇ║ Admin RBAC ÔÇ║ Admin can access user management
[1A[2K[2/2] [chromium] ÔÇ║ e2e\admin-rbac.spec.ts:38:9 ÔÇ║ Admin RBAC ÔÇ║ Non-admin cannot access user management
[1A[2K[chromium] ÔÇ║ e2e\admin-rbac.spec.ts:8:9 ÔÇ║ Admin RBAC ÔÇ║ Admin can access user management
URL check failed. URL: http://localhost:3000/login

[1A[2KBody text: Welcome back

Please sign in to your account

Email address
Password
Login failed

Database error querying schema

Sign in

[1A[2K  1) [chromium] ÔÇ║ e2e\admin-rbac.spec.ts:8:9 ÔÇ║ Admin RBAC ÔÇ║ Admin can access user management ÔöÇÔöÇÔöÇÔöÇÔöÇÔöÇÔöÇ

    Error: [2mexpect([22m[31mpage[39m[2m).[22mtoHaveURL[2m([22m[32mexpected[39m[2m)[22m failed

    Expected pattern: [32m/\/dashboard/[39m
    Received string:  [31m"http://localhost:3000/login"[39m
    Timeout: 5000ms

    Call log:
    [2m  - Expect "toHaveURL" with timeout 5000ms[22m
    [2m    9 ├ù unexpected value "http://localhost:3000/login"[22m


      15 |         // Should be redirected to dashboard
      16 |         try {
    > 17 |             await expect(page).toHaveURL(/\/dashboard/);
         |                                ^
      18 |         } catch (e) {
      19 |             console.log("URL check failed. URL:", page.url());
      20 |             console.log("Body text:", await page.locator("body").innerText());
        at D:\Dev\Architecture Planning\e2e\admin-rbac.spec.ts:17:32

    Error Context: test-results\admin-rbac-Admin-RBAC-Admin-can-access-user-management-chromium\error-context.md


[1A[2K  1 failed
    [chromium] ÔÇ║ e2e\admin-rbac.spec.ts:8:9 ÔÇ║ Admin RBAC ÔÇ║ Admin can access user management ÔöÇÔöÇÔöÇÔöÇÔöÇÔöÇÔöÇÔöÇ
  1 passed (7.1s)

[36m  Serving HTML report at http://localhost:57047. Press Ctrl+C to quit.[39m
